Archive member included because of file (symbol)

/opt/poky/1.6.1/sysroots/cortexa9hf-vfp-neon-poky-linux-gnueabi/usr/lib/arm-poky-linux-gnueabi/4.8.2/libgcc.a(_udivsi3.o)
                              arch/arm/cpu/armv7/mx6/built-in.o (__aeabi_uidiv)
/opt/poky/1.6.1/sysroots/cortexa9hf-vfp-neon-poky-linux-gnueabi/usr/lib/arm-poky-linux-gnueabi/4.8.2/libgcc.a(_divsi3.o)
                              common/built-in.o (__aeabi_idiv)
/opt/poky/1.6.1/sysroots/cortexa9hf-vfp-neon-poky-linux-gnueabi/usr/lib/arm-poky-linux-gnueabi/4.8.2/libgcc.a(_lshrdi3.o)
                              common/built-in.o (__aeabi_llsr)
/opt/poky/1.6.1/sysroots/cortexa9hf-vfp-neon-poky-linux-gnueabi/usr/lib/arm-poky-linux-gnueabi/4.8.2/libgcc.a(_ashldi3.o)
                              drivers/mmc/built-in.o (__aeabi_llsl)
/opt/poky/1.6.1/sysroots/cortexa9hf-vfp-neon-poky-linux-gnueabi/usr/lib/arm-poky-linux-gnueabi/4.8.2/libgcc.a(_dvmd_lnx.o)
                              /opt/poky/1.6.1/sysroots/cortexa9hf-vfp-neon-poky-linux-gnueabi/usr/lib/arm-poky-linux-gnueabi/4.8.2/libgcc.a(_udivsi3.o) (__aeabi_idiv0)

Discarded input sections

 .data          0x0000000000000000        0x0 arch/arm/cpu/armv7/start.o
 .bss           0x0000000000000000        0x0 arch/arm/cpu/armv7/start.o
 .text.__v7_outer_cache_enable
                0x0000000000000000        0x4 arch/arm/cpu/armv7/built-in.o
 .text.__v7_outer_cache_disable
                0x0000000000000000        0x4 arch/arm/cpu/armv7/built-in.o
 .text.__v7_outer_cache_flush_all
                0x0000000000000000        0x4 arch/arm/cpu/armv7/built-in.o
 .text.__v7_outer_cache_inval_all
                0x0000000000000000        0x4 arch/arm/cpu/armv7/built-in.o
 .text.__v7_outer_cache_flush_range
                0x0000000000000000        0x4 arch/arm/cpu/armv7/built-in.o
 .text.__v7_outer_cache_inval_range
                0x0000000000000000        0x4 arch/arm/cpu/armv7/built-in.o
 .text.sdelay   0x0000000000000000        0xc arch/arm/cpu/armv7/built-in.o
 .text.sr32     0x0000000000000000       0x24 arch/arm/cpu/armv7/built-in.o
 .text.wait_on_value
                0x0000000000000000       0x34 arch/arm/cpu/armv7/built-in.o
 .data          0x0000000000000000        0x0 arch/arm/cpu/armv7/built-in.o
 .bss           0x0000000000000000        0x0 arch/arm/cpu/armv7/built-in.o
 .text          0x0000000000000000        0x0 arch/arm/cpu/armv7/mx6/built-in.o
 .text.get_boot_device
                0x0000000000000000       0x9c arch/arm/cpu/armv7/mx6/built-in.o
 .text.enable_enet_pll
                0x0000000000000000       0x68 arch/arm/cpu/armv7/mx6/built-in.o
 .text.enable_fec_anatop_clock
                0x0000000000000000       0xb4 arch/arm/cpu/armv7/mx6/built-in.o
 .text.enable_sata_clock
                0x0000000000000000       0x1c arch/arm/cpu/armv7/mx6/built-in.o
 .text.enable_pcie_clock
                0x0000000000000000       0x5c arch/arm/cpu/armv7/mx6/built-in.o
 .data          0x0000000000000000        0x0 arch/arm/cpu/armv7/mx6/built-in.o
 .bss           0x0000000000000000        0x0 arch/arm/cpu/armv7/mx6/built-in.o
 .text          0x0000000000000000        0x0 arch/arm/imx-common/built-in.o
 .text.imx_ddr_size
                0x0000000000000000       0x60 arch/arm/imx-common/built-in.o
 .text.mxs_wait_mask_set
                0x0000000000000000       0x40 arch/arm/imx-common/built-in.o
 .text.mxs_wait_mask_clr
                0x0000000000000000       0x3c arch/arm/imx-common/built-in.o
 .text.mxs_reset_block
                0x0000000000000000       0x90 arch/arm/imx-common/built-in.o
 .rodata.col_lookup
                0x0000000000000000        0x8 arch/arm/imx-common/built-in.o
 .rodata.bank_lookup
                0x0000000000000000        0x2 arch/arm/imx-common/built-in.o
 .data          0x0000000000000000        0x0 arch/arm/imx-common/built-in.o
 .bss           0x0000000000000000        0x0 arch/arm/imx-common/built-in.o
 .text.__flush_cache
                0x0000000000000000        0x4 arch/arm/lib/built-in.o
 .text.__flush_dcache_all
                0x0000000000000000        0xc arch/arm/lib/built-in.o
 .text.__enable_caches
                0x0000000000000000        0xc arch/arm/lib/built-in.o
 .text.__arm_init_before_mmu
                0x0000000000000000        0x4 arch/arm/lib/built-in.o
 .text.__mmu_page_table_flush
                0x0000000000000000        0x4 arch/arm/lib/built-in.o
 .rodata.pl310  0x0000000000000000        0x4 arch/arm/lib/built-in.o
 .data          0x0000000000000000        0x0 arch/arm/lib/built-in.o
 .bss           0x0000000000000000        0x0 arch/arm/lib/built-in.o
 .text          0x0000000000000000        0x0 board/freescale/mx6_udoo/built-in.o
 .text.mmc_map_to_kernel_blk
                0x0000000000000000        0x8 board/freescale/mx6_udoo/built-in.o
 .rodata.usdhc4_pads
                0x0000000000000000       0x50 board/freescale/mx6_udoo/built-in.o
 .rodata.usdhc2_pads
[...]
Memory Configuration

Name             Origin             Length             Attributes
*default*        0x0000000000000000 0xffffffffffffffff

Linker script and memory map

Address of section .text set to 0x17800000
                0x0000000000000000                . = 0x0
                0x0000000000000000                . = ALIGN (0x4)

.text           0x0000000017800000    0x32eb0
 *(.__image_copy_start)
 .__image_copy_start
                0x0000000017800000        0x0 arch/arm/lib/built-in.o
                0x0000000017800000                __image_copy_start
 arch/arm/cpu/armv7/start.o(.text*)
 .text          0x0000000017800000      0x3c0 arch/arm/cpu/armv7/start.o
                0x0000000017800000                _start
                0x0000000017800020                _undefined_instruction
                0x0000000017800024                _software_interrupt
                0x0000000017800028                _prefetch_abort
                0x000000001780002c                _data_abort
                0x0000000017800030                _not_used
                0x0000000017800034                _irq
                0x0000000017800038                _fiq
                0x0000000017800040                _end_vect
                0x0000000017800040                IRQ_STACK_START_IN
                0x0000000017800084                c_runtime_cpu_setup
                0x000000001780009c                save_boot_params
                0x00000000178000a0                cpu_init_cp15
                0x0000000017800108                cpu_init_crit
 *(.text*)
 .text          0x00000000178003c0       0x24 arch/arm/cpu/armv7/built-in.o
                0x00000000178003c0                lowlevel_init
 .text.v7_maint_dcache_all
                0x00000000178003e4       0xd4 arch/arm/cpu/armv7/built-in.o
 .text.v7_dcache_inval_range
                0x00000000178004b8       0x80 arch/arm/cpu/armv7/built-in.o
 .text.invalidate_icache_all
                0x0000000017800538       0x18 arch/arm/cpu/armv7/built-in.o
                0x0000000017800538                invalidate_icache_all
 .text.flush_dcache_all
                0x0000000017800550       0x14 arch/arm/cpu/armv7/built-in.o
                0x0000000017800550                flush_dcache_all
 .text.invalidate_dcache_all
                0x0000000017800564       0x14 arch/arm/cpu/armv7/built-in.o
                0x0000000017800564                invalidate_dcache_all
 .text.arm_init_before_mmu
                0x0000000017800578       0x28 arch/arm/cpu/armv7/built-in.o
                0x0000000017800578                arm_init_before_mmu
 .text.flush_dcache_range
                0x00000000178005a0       0x3c arch/arm/cpu/armv7/built-in.o
                0x00000000178005a0                flush_dcache_range
 .text.mmu_page_table_flush
                0x00000000178005dc       0x24 arch/arm/cpu/armv7/built-in.o
                0x00000000178005dc                mmu_page_table_flush
 .text.flush_cache
                0x0000000017800600        0x8 arch/arm/cpu/armv7/built-in.o
                0x0000000017800600                flush_cache
 .text.invalidate_dcache_range
                0x0000000017800608       0x3c arch/arm/cpu/armv7/built-in.o
                0x0000000017800608                invalidate_dcache_range
 .text.cpu_cache_initialization
                0x0000000017800644        0x4 arch/arm/cpu/armv7/built-in.o
                0x0000000017800644                cpu_cache_initialization
 .text.cleanup_before_linux
                0x0000000017800648       0x28 arch/arm/cpu/armv7/built-in.o
                0x0000000017800648                cleanup_before_linux
 .text.read_cpu_temperature
                0x0000000017800670      0x1dc arch/arm/cpu/armv7/mx6/built-in.o
 .text.get_cpu_rev
                0x000000001780084c       0x74 arch/arm/cpu/armv7/mx6/built-in.o
                0x000000001780084c                get_cpu_rev
 .text.get_board_rev
                0x00000000178008c0       0x30 arch/arm/cpu/armv7/mx6/built-in.o
                0x00000000178008c0                get_board_rev
 .text.init_aips
                0x00000000178008f0       0x5c arch/arm/cpu/armv7/mx6/built-in.o
                0x00000000178008f0                init_aips
 .text.check_cpu_temperature
                0x000000001780094c       0x68 arch/arm/cpu/armv7/mx6/built-in.o
                0x000000001780094c                check_cpu_temperature
 .text.arch_cpu_init
                0x00000000178009b4      0x114 arch/arm/cpu/armv7/mx6/built-in.o
                0x00000000178009b4                arch_cpu_init
 .text.board_postclk_init
                0x0000000017800ac8       0x68 arch/arm/cpu/armv7/mx6/built-in.o
                0x0000000017800ac8                board_postclk_init
 .text.enable_caches
                0x0000000017800b30       0x34 arch/arm/cpu/armv7/mx6/built-in.o
                0x0000000017800b30                enable_caches
 .text.imx_get_mac_from_fuse
                0x0000000017800b64       0x40 arch/arm/cpu/armv7/mx6/built-in.o
                0x0000000017800b64                imx_get_mac_from_fuse
 .text.boot_mode_apply
                0x0000000017800ba4       0x28 arch/arm/cpu/armv7/mx6/built-in.o
                0x0000000017800ba4                boot_mode_apply
 .text.s_init   0x0000000017800bcc       0x84 arch/arm/cpu/armv7/mx6/built-in.o
                0x0000000017800bcc                s_init
 .text.imx_enable_hdmi_phy
                0x0000000017800c50       0x5c arch/arm/cpu/armv7/mx6/built-in.o
                0x0000000017800c50                imx_enable_hdmi_phy
 .text.imx_setup_hdmi
                0x0000000017800cac       0x8c arch/arm/cpu/armv7/mx6/built-in.o
                0x0000000017800cac                imx_setup_hdmi
 .text.v7_outer_cache_enable
                0x0000000017800d38       0x48 arch/arm/cpu/armv7/mx6/built-in.o
                0x0000000017800d38                v7_outer_cache_enable
 .text.v7_outer_cache_disable
                0x0000000017800d80       0x18 arch/arm/cpu/armv7/mx6/built-in.o
                0x0000000017800d80                v7_outer_cache_disable
 .text.get_ipg_clk
                0x0000000017800d98       0x28 arch/arm/cpu/armv7/mx6/built-in.o
 .text.get_ipg_per_clk
                0x0000000017800dc0       0x28 arch/arm/cpu/armv7/mx6/built-in.o
 .text.decode_pll.part.0
                0x0000000017800de8       0x30 arch/arm/cpu/armv7/mx6/built-in.o
 .text.get_mcu_main_clk
                0x0000000017800e18       0x40 arch/arm/cpu/armv7/mx6/built-in.o
 .text.get_uart_clk
                0x0000000017800e58       0x4c arch/arm/cpu/armv7/mx6/built-in.o
 .text.get_cspi_clk
                0x0000000017800ea4       0x48 arch/arm/cpu/armv7/mx6/built-in.o
 .text.mxc_get_pll_pfd
                0x0000000017800eec       0xb8 arch/arm/cpu/armv7/mx6/built-in.o
 .text.get_usdhc_clk
                0x0000000017800fa4       0x90 arch/arm/cpu/armv7/mx6/built-in.o
 .text.enable_ocotp_clk
                0x0000000017801034       0x24 arch/arm/cpu/armv7/mx6/built-in.o
                0x0000000017801034                enable_ocotp_clk
 .text.enable_usboh3_clk
                0x0000000017801058       0x24 arch/arm/cpu/armv7/mx6/built-in.o
                0x0000000017801058                enable_usboh3_clk
 .text.enable_i2c_clk
                0x000000001780107c       0x48 arch/arm/cpu/armv7/mx6/built-in.o
                0x000000001780107c                enable_i2c_clk
 .text.get_periph_clk
                0x00000000178010c4       0xb8 arch/arm/cpu/armv7/mx6/built-in.o
                0x00000000178010c4                get_periph_clk
 .text.get_axi_clk
                0x000000001780117c       0x4c arch/arm/cpu/armv7/mx6/built-in.o
 .text.get_emi_slow_clk
                0x00000000178011c8       0x80 arch/arm/cpu/armv7/mx6/built-in.o
 .text.get_mmdc_ch0_clk
                0x0000000017801248       0x28 arch/arm/cpu/armv7/mx6/built-in.o
 .text.do_mx6_showclocks
                0x0000000017801270      0x224 arch/arm/cpu/armv7/mx6/built-in.o
                0x0000000017801270                do_mx6_showclocks
 .text.imx_get_uartclk
                0x0000000017801494        0x4 arch/arm/cpu/armv7/mx6/built-in.o
                0x0000000017801494                imx_get_uartclk
 .text.imx_get_fecclk
                0x0000000017801498        0x4 arch/arm/cpu/armv7/mx6/built-in.o
                0x0000000017801498                imx_get_fecclk
 .text.mxc_get_clock
                0x000000001780149c       0xa0 arch/arm/cpu/armv7/mx6/built-in.o
                0x000000001780149c                mxc_get_clock
 .text.enable_ipu_clock
                0x000000001780153c       0x18 arch/arm/cpu/armv7/mx6/built-in.o
                0x000000001780153c                enable_ipu_clock
 .text.imx_iomux_v3_setup_pad
                0x0000000017801554       0xa4 arch/arm/imx-common/built-in.o
                0x0000000017801554                imx_iomux_v3_setup_pad
 .text.imx_iomux_v3_setup_multiple_pads
                0x00000000178015f8       0x30 arch/arm/imx-common/built-in.o
                0x00000000178015f8                imx_iomux_v3_setup_multiple_pads
 .text.mxc_iomux_set_gpr_register
                0x0000000017801628       0x3c arch/arm/imx-common/built-in.o
                0x0000000017801628                mxc_iomux_set_gpr_register
 .text.timer_init
                0x0000000017801664      0x10c arch/arm/imx-common/built-in.o
                0x0000000017801664                timer_init
 .text.get_ticks
                0x0000000017801770       0x44 arch/arm/imx-common/built-in.o
                0x0000000017801770                get_ticks
 .text.get_timer_masked
                0x00000000178017b4       0xe0 arch/arm/imx-common/built-in.o
                0x00000000178017b4                get_timer_masked
 .text.get_timer
                0x0000000017801894       0x14 arch/arm/imx-common/built-in.o
                0x0000000017801894                get_timer
 .text.__udelay
                0x00000000178018a8      0x110 arch/arm/imx-common/built-in.o
                0x00000000178018a8                __udelay
 .text.get_tbclk
                0x00000000178019b8       0x84 arch/arm/imx-common/built-in.o
                0x00000000178019b8                get_tbclk
 .text.get_reset_cause
                0x0000000017801a3c       0xbc arch/arm/imx-common/built-in.o
                0x0000000017801a3c                get_reset_cause
 .text.get_imx_type
                0x0000000017801af8       0x20 arch/arm/imx-common/built-in.o
                0x0000000017801af8                get_imx_type
 .text.print_cpuinfo
                0x0000000017801b18       0x74 arch/arm/imx-common/built-in.o
                0x0000000017801b18                print_cpuinfo
 .text.cpu_eth_init
                0x0000000017801b8c        0x4 arch/arm/imx-common/built-in.o
                0x0000000017801b8c                cpu_eth_init
 .text.cpu_mmc_init
                0x0000000017801b90        0x4 arch/arm/imx-common/built-in.o
                0x0000000017801b90                cpu_mmc_init
 .text.get_ahb_clk
                0x0000000017801b94       0x24 arch/arm/imx-common/built-in.o
                0x0000000017801b94                get_ahb_clk
 .text.arch_preboot_os
                0x0000000017801bb8        0x4 arch/arm/imx-common/built-in.o
                0x0000000017801bb8                arch_preboot_os
 .text.get_clocks
                0x0000000017801bbc       0x1c arch/arm/imx-common/built-in.o
                0x0000000017801bbc                get_clocks
 .text.force_idle_bus
                0x0000000017801bd8      0x1c4 arch/arm/imx-common/built-in.o
 .text.setup_i2c
                0x0000000017801d9c       0x5c arch/arm/imx-common/built-in.o
                0x0000000017801d9c                setup_i2c
 .text.create_usage
                0x0000000017801df8       0xa0 arch/arm/imx-common/built-in.o
 .text.do_boot_mode
                0x0000000017801e98       0xd0 arch/arm/imx-common/built-in.o
 .text.add_board_boot_modes
                0x0000000017801f68       0x60 arch/arm/imx-common/built-in.o
                0x0000000017801f68                add_board_boot_modes
 .text          0x0000000017801fc8       0xe8 arch/arm/lib/built-in.o
                0x0000000017801fc8                _main
                0x000000001780204c                relocate_code
 .text.arch_fixup_memory_node
                0x00000000178020b0       0x38 arch/arm/lib/built-in.o
                0x00000000178020b0                arch_fixup_memory_node
 .text.boot_jump_linux
                0x00000000178020e8       0xb8 arch/arm/lib/built-in.o
 .text.arch_lmb_reserve
                0x00000000178021a0       0x24 arch/arm/lib/built-in.o
                0x00000000178021a0                arch_lmb_reserve
 .text.setup_board_tags
                0x00000000178021c4        0x4 arch/arm/lib/built-in.o
                0x00000000178021c4                setup_board_tags
 .text.boot_prep_linux
                0x00000000178021c8      0x18c arch/arm/lib/built-in.o
 .text.do_bootm_linux
                0x0000000017802354       0x60 arch/arm/lib/built-in.o
                0x0000000017802354                do_bootm_linux
 .text.bootz_setup
                0x00000000178023b4       0x60 arch/arm/lib/built-in.o
                0x00000000178023b4                bootz_setup
 .text.boot_prep_vxworks
                0x0000000017802414       0x4c arch/arm/lib/built-in.o
                0x0000000017802414                boot_prep_vxworks
 .text.boot_jump_vxworks
                0x0000000017802460       0x14 arch/arm/lib/built-in.o
                0x0000000017802460                boot_jump_vxworks
 .text.pl310_background_op_all_ways
                0x0000000017802474       0x3c arch/arm/lib/built-in.o
 .text.v7_outer_cache_inval_all
                0x00000000178024b0        0xc arch/arm/lib/built-in.o
                0x00000000178024b0                v7_outer_cache_inval_all
 .text.v7_outer_cache_flush_all
                0x00000000178024bc        0xc arch/arm/lib/built-in.o
                0x00000000178024bc                v7_outer_cache_flush_all
 .text.v7_outer_cache_flush_range
                0x00000000178024c8       0x30 arch/arm/lib/built-in.o
                0x00000000178024c8                v7_outer_cache_flush_range
 .text.v7_outer_cache_inval_range
                0x00000000178024f8       0x80 arch/arm/lib/built-in.o
                0x00000000178024f8                v7_outer_cache_inval_range
 .text.interrupt_init
                0x0000000017802578       0x1c arch/arm/lib/built-in.o
                0x0000000017802578                interrupt_init
 .text.enable_interrupts
                0x0000000017802594        0x4 arch/arm/lib/built-in.o
                0x0000000017802594                enable_interrupts
 .text.disable_interrupts
                0x0000000017802598        0x8 arch/arm/lib/built-in.o
                0x0000000017802598                disable_interrupts
 .text.bad_mode
                0x00000000178025a0       0x10 arch/arm/lib/built-in.o
                0x00000000178025a0                bad_mode
 .text.show_regs
                0x00000000178025b0      0x13c arch/arm/lib/built-in.o
                0x00000000178025b0                show_regs
 .text.do_undefined_instruction
                0x00000000178026ec       0x20 arch/arm/lib/built-in.o
                0x00000000178026ec                do_undefined_instruction
 .text.do_software_interrupt
                0x000000001780270c       0x20 arch/arm/lib/built-in.o
                0x000000001780270c                do_software_interrupt
 .text.do_prefetch_abort
                0x000000001780272c       0x20 arch/arm/lib/built-in.o
                0x000000001780272c                do_prefetch_abort
 .text.do_data_abort
                0x000000001780274c       0x20 arch/arm/lib/built-in.o
                0x000000001780274c                do_data_abort
 .text.do_not_used
                0x000000001780276c       0x20 arch/arm/lib/built-in.o
                0x000000001780276c                do_not_used
 .text.do_fiq   0x000000001780278c       0x20 arch/arm/lib/built-in.o
                0x000000001780278c                do_fiq
 .text.do_irq   0x00000000178027ac       0x20 arch/arm/lib/built-in.o
                0x00000000178027ac                do_irq
 .text.do_reset
                0x00000000178027cc       0x2c arch/arm/lib/built-in.o
                0x00000000178027cc                do_reset
 .text.cp_delay
                0x00000000178027f8       0x30 arch/arm/lib/built-in.o
 .text.arm_init_domains
                0x0000000017802828        0x4 arch/arm/lib/built-in.o
                0x0000000017802828                arm_init_domains
 .text.set_section_dcache
                0x000000001780282c       0x14 arch/arm/lib/built-in.o
                0x000000001780282c                set_section_dcache
 .text.mmu_set_region_dcache_behaviour
                0x0000000017802840       0x50 arch/arm/lib/built-in.o
                0x0000000017802840                mmu_set_region_dcache_behaviour
 .text.dram_bank_mmu_setup
                0x0000000017802890       0x40 arch/arm/lib/built-in.o
                0x0000000017802890                dram_bank_mmu_setup
 .text.icache_enable
                0x00000000178028d0       0x18 arch/arm/lib/built-in.o
                0x00000000178028d0                icache_enable
 .text.icache_disable
                0x00000000178028e8       0x1c arch/arm/lib/built-in.o
                0x00000000178028e8                icache_disable
 .text.icache_status
                0x0000000017802904        0xc arch/arm/lib/built-in.o
                0x0000000017802904                icache_status
 .text.dcache_enable
                0x0000000017802910       0x6c arch/arm/lib/built-in.o
                0x0000000017802910                dcache_enable
 .text.dcache_disable
                0x000000001780297c       0x28 arch/arm/lib/built-in.o
                0x000000001780297c                dcache_disable
 .text.dcache_status
                0x00000000178029a4        0xc arch/arm/lib/built-in.o
                0x00000000178029a4                dcache_status
 .text.do_enable_hdmi
                0x00000000178029b0       0x18 board/freescale/mx6_udoo/built-in.o
 .text.dram_init
                0x00000000178029c8       0x10 board/freescale/mx6_udoo/built-in.o
                0x00000000178029c8                dram_init
 .text.mmc_get_env_devno
                0x00000000178029d8        0x8 board/freescale/mx6_udoo/built-in.o
                0x00000000178029d8                mmc_get_env_devno
 .text.board_mmc_getcd
                0x00000000178029e0        0x8 board/freescale/mx6_udoo/built-in.o
                0x00000000178029e0                board_mmc_getcd
 .text.board_mmc_init
                0x00000000178029e8       0x38 board/freescale/mx6_udoo/built-in.o
                0x00000000178029e8                board_mmc_init
 .text.check_mmc_autodetect
                0x0000000017802a20       0x38 board/freescale/mx6_udoo/built-in.o
                0x0000000017802a20                check_mmc_autodetect
 .text.board_late_mmc_env_init
                0x0000000017802a58       0x70 board/freescale/mx6_udoo/built-in.o
                0x0000000017802a58                board_late_mmc_env_init
 .text.mx6_rgmii_rework
                0x0000000017802ac8       0x9c board/freescale/mx6_udoo/built-in.o
                0x0000000017802ac8                mx6_rgmii_rework
 .text.board_phy_config
                0x0000000017802b64       0x2c board/freescale/mx6_udoo/built-in.o
                0x0000000017802b64                board_phy_config
 .text.board_video_skip
                0x0000000017802b90       0xfc board/freescale/mx6_udoo/built-in.o
                0x0000000017802b90                board_video_skip
 .text.overwrite_console
                0x0000000017802c8c        0x8 board/freescale/mx6_udoo/built-in.o
                0x0000000017802c8c                overwrite_console
 .text.board_eth_init
                0x0000000017802c94       0xd8 board/freescale/mx6_udoo/built-in.o
                0x0000000017802c94                board_eth_init
 .text.board_early_init_f
                0x0000000017802d6c      0x104 board/freescale/mx6_udoo/built-in.o
                0x0000000017802d6c                board_early_init_f
 .text.board_init
                0x0000000017802e70       0x18 board/freescale/mx6_udoo/built-in.o
                0x0000000017802e70                board_init
 .text.board_late_init
                0x0000000017802e88       0x38 board/freescale/mx6_udoo/built-in.o
                0x0000000017802e88                board_late_init
 .text.checkboard
                0x0000000017802ec0       0x18 board/freescale/mx6_udoo/built-in.o
                0x0000000017802ec0                checkboard
 .text.board_ehci_hcd_init
                0x0000000017802ed8       0x6c board/freescale/mx6_udoo/built-in.o
                0x0000000017802ed8                board_ehci_hcd_init
 .text.board_ehci_power
                0x0000000017802f44       0x48 board/freescale/mx6_udoo/built-in.o
                0x0000000017802f44                board_ehci_power
 .text.delete_char.part.0
                0x0000000017802f8c       0xd0 common/built-in.o
 .text.cread_add_char
                0x000000001780305c       0xe8 common/built-in.o
 .text.__show_boot_progress
                0x0000000017803144        0x4 common/built-in.o
                0x0000000017803144                __show_boot_progress
                0x0000000017803144                show_boot_progress
 .text.readline_into_buffer
                0x0000000017803148      0x9c0 common/built-in.o
                0x0000000017803148                readline_into_buffer
 .text.readline
                0x0000000017803b08       0x14 common/built-in.o
                0x0000000017803b08                readline
 .text.run_command
                0x0000000017803b1c        0x8 common/built-in.o
                0x0000000017803b1c                run_command
 .text.run_command_list
                0x0000000017803b24       0x5c common/built-in.o
                0x0000000017803b24                run_command_list
 .text.main_loop
                0x0000000017803b80      0x17c common/built-in.o
                0x0000000017803b80                main_loop
 .text.do_run   0x0000000017803cfc       0x74 common/built-in.o
                0x0000000017803cfc                do_run
 .text.find_cmd_tbl
                0x0000000017803d70       0xa4 common/built-in.o
                0x0000000017803d70                find_cmd_tbl
 .text.find_cmd
                0x0000000017803e14       0x28 common/built-in.o
                0x0000000017803e14                find_cmd
 .text.cmd_usage
                0x0000000017803e3c       0x5c common/built-in.o
                0x0000000017803e3c                cmd_usage
 .text._do_help
                0x0000000017803e98      0x184 common/built-in.o
                0x0000000017803e98                _do_help
 .text.var_complete
                0x000000001780401c       0x80 common/built-in.o
                0x000000001780401c                var_complete
 .text.cmd_auto_complete
                0x000000001780409c      0x4dc common/built-in.o
                0x000000001780409c                cmd_auto_complete
 .text.cmd_get_data_size
                0x0000000017804578       0x5c common/built-in.o
                0x0000000017804578                cmd_get_data_size
 .text.cmd_process
                0x00000000178045d4       0xe8 common/built-in.o
                0x00000000178045d4                cmd_process
 .text.dummy    0x00000000178046bc        0x4 common/built-in.o
 .text.get_version
                0x00000000178046c0        0x8 common/built-in.o
                0x00000000178046c0                get_version
 .text.jumptable_init
                0x00000000178046c8      0x1a0 common/built-in.o
                0x00000000178046c8                jumptable_init
 .text.hash_command
                0x0000000017804868       0xa0 common/built-in.o
                0x0000000017804868                hash_command
 .text.b_reset  0x0000000017804908       0x1c common/built-in.o
 .text.static_get
                0x0000000017804924       0x1c common/built-in.o
 .text.static_peek
                0x0000000017804940        0xc common/built-in.o
 .text.file_peek
                0x000000001780494c        0xc common/built-in.o
 .text.mapset   0x0000000017804958       0x20 common/built-in.o
 .text.syntax_err
                0x0000000017804978        0xc common/built-in.o
 .text.free_pipe_list
                0x0000000017804984       0xf0 common/built-in.o
 .text.xmalloc  0x0000000017804a74       0x20 common/built-in.o
 .text.new_pipe
                0x0000000017804a94       0x28 common/built-in.o
 .text.xrealloc
                0x0000000017804abc       0x20 common/built-in.o
 .text.done_command
                0x0000000017804adc       0x8c common/built-in.o
 .text.done_pipe
                0x0000000017804b68       0x48 common/built-in.o
 .text.done_word
                0x0000000017804bb0      0x2d8 common/built-in.o
 .text.do_showvar
                0x0000000017804e88       0xf0 common/built-in.o
 .text.is_assignment
                0x0000000017804f78       0x54 common/built-in.o
 .text.file_get
                0x0000000017804fcc      0x1d0 common/built-in.o
 .text.b_addchr
                0x000000001780519c       0x80 common/built-in.o
 .text.b_addqchr
                0x000000001780521c       0x50 common/built-in.o
 .text.get_local_var
                0x000000001780526c       0x94 common/built-in.o
                0x000000001780526c                get_local_var
 .text.set_local_var
                0x0000000017805300      0x1a8 common/built-in.o
                0x0000000017805300                set_local_var
 .text.insert_var_value_sub
                0x00000000178054a8      0x2a8 common/built-in.o
 .text.parse_string_outer
                0x0000000017805750       0xe4 common/built-in.o
                0x0000000017805750                parse_string_outer
 .text.run_list_real
                0x0000000017805834      0x7e4 common/built-in.o
 .text.parse_stream_outer
                0x0000000017806018      0x6a0 common/built-in.o
 .text.parse_file_outer
                0x00000000178066b8       0x44 common/built-in.o
                0x00000000178066b8                parse_file_outer
 .text.u_boot_hush_start
                0x00000000178066fc       0x54 common/built-in.o
                0x00000000178066fc                u_boot_hush_start
 .text.hex1_bin
                0x0000000017806750       0x48 common/built-in.o
 .text.hex2_bin
                0x0000000017806798       0x38 common/built-in.o
 .text.srec_decode
                0x00000000178067d0      0x254 common/built-in.o
                0x00000000178067d0                srec_decode
 .text.CYGACC_COMM_IF_GETC_TIMEOUT.isra.0
                0x0000000017806a24       0x4c common/built-in.o
 .text.xyzModem_flush
                0x0000000017806a70       0x1c common/built-in.o
 .text.xyzModem_get_hdr
                0x0000000017806a8c      0x230 common/built-in.o
 .text.xyzModem_stream_open
                0x0000000017806cbc      0x258 common/built-in.o
                0x0000000017806cbc                xyzModem_stream_open
 .text.xyzModem_stream_read
                0x0000000017806f14      0x24c common/built-in.o
                0x0000000017806f14                xyzModem_stream_read
 .text.xyzModem_stream_close
                0x0000000017807160       0x54 common/built-in.o
                0x0000000017807160                xyzModem_stream_close
 .text.xyzModem_stream_terminate
                0x00000000178071b4       0x94 common/built-in.o
                0x00000000178071b4                xyzModem_stream_terminate
 .text.xyzModem_error
                0x0000000017807248       0x20 common/built-in.o
                0x0000000017807248                xyzModem_error
 .text.common_diskboot
                0x0000000017807268      0x238 common/built-in.o
                0x0000000017807268                common_diskboot
 .text.trace_early_init
                0x00000000178074a0        0x8 common/built-in.o
 .text.display_text_info
                0x00000000178074a8        0x8 common/built-in.o
 .text.setup_mon_len
                0x00000000178074b0       0x20 common/built-in.o
 .text.reserve_round_4k
                0x00000000178074d0       0x18 common/built-in.o
 .text.reserve_mmu
                0x00000000178074e8       0x38 common/built-in.o
 .text.reserve_trace
                0x0000000017807520        0x8 common/built-in.o
 .text.reserve_uboot
                0x0000000017807528       0x30 common/built-in.o
 .text.reserve_malloc
                0x0000000017807558       0x18 common/built-in.o
 .text.setup_machine
                0x0000000017807570       0x14 common/built-in.o
 .text.reserve_global_data
                0x0000000017807584       0x1c common/built-in.o
 .text.reserve_fdt
                0x00000000178075a0       0x4c common/built-in.o
 .text.reserve_stacks
                0x00000000178075ec       0x34 common/built-in.o
 .text.display_new_sp
                0x0000000017807620        0x8 common/built-in.o
 .text.setup_baud_rate
                0x0000000017807628       0x14 common/built-in.o
 .text.setup_reloc
                0x000000001780763c       0x28 common/built-in.o
 .text.reloc_fdt
                0x0000000017807664       0x30 common/built-in.o
 .text.reserve_board
                0x0000000017807694       0x30 common/built-in.o
 .text.announce_dram_init
                0x00000000178076c4       0x18 common/built-in.o
 .text.init_func_i2c
                0x00000000178076dc       0x28 common/built-in.o
 .text.init_baud_rate
                0x0000000017807704       0x2c common/built-in.o
 .text.setup_fdt
                0x0000000017807730       0x28 common/built-in.o
 .text.mark_bootstage
                0x0000000017807758       0x14 common/built-in.o
 .text.__coloured_LED_init
                0x000000001780776c        0x4 common/built-in.o
                0x000000001780776c                coloured_LED_init
                0x000000001780776c                __coloured_LED_init
 .text.__red_led_on
                0x0000000017807770        0x4 common/built-in.o
                0x0000000017807770                __red_led_on
                0x0000000017807770                red_led_on
 .text.__board_add_ram_info
                0x0000000017807774        0x4 common/built-in.o
                0x0000000017807774                __board_add_ram_info
                0x0000000017807774                board_add_ram_info
 .text.show_dram_config
                0x0000000017807778       0x34 common/built-in.o
 .text.__dram_init_banksize
                0x00000000178077ac       0x20 common/built-in.o
                0x00000000178077ac                __dram_init_banksize
                0x00000000178077ac                dram_init_banksize
 .text.setup_dram_config
                0x00000000178077cc       0x10 common/built-in.o
 .text.board_get_usable_ram_top
                0x00000000178077dc        0x8 common/built-in.o
                0x00000000178077dc                board_get_usable_ram_top
 .text.setup_dest_addr
                0x00000000178077e4       0x40 common/built-in.o
 .text.board_init_f
                0x0000000017807824       0x4c common/built-in.o
                0x0000000017807824                board_init_f
 .text.bootstage_relocate
                0x0000000017807870        0x8 common/built-in.o
 .text.initr_trace
                0x0000000017807878        0x8 common/built-in.o
 .text.initr_reloc_global_data
                0x0000000017807880       0x28 common/built-in.o
 .text.initr_barrier
                0x00000000178078a8        0x8 common/built-in.o
 .text.power_init_board
                0x00000000178078b0        0x8 common/built-in.o
                0x00000000178078b0                power_init_board
 .text.initr_announce
                0x00000000178078b8        0x8 common/built-in.o
 .text.initr_mmc
                0x00000000178078c0       0x20 common/built-in.o
                0x00000000178078c0                initr_mmc
 .text.run_main_loop
                0x00000000178078e0        0xc common/built-in.o
 .text.initr_net
                0x00000000178078ec       0x20 common/built-in.o
 .text.initr_ethaddr
                0x000000001780790c       0x20 common/built-in.o
 .text.initr_enable_interrupts
                0x000000001780792c       0x10 common/built-in.o
 .text.initr_jumptable
                0x000000001780793c       0x10 common/built-in.o
 .text.initr_env
                0x000000001780794c       0x30 common/built-in.o
 .text.initr_malloc
                0x000000001780797c       0x24 common/built-in.o
 .text.initr_serial
                0x00000000178079a0       0x10 common/built-in.o
 .text.initr_caches
                0x00000000178079b0       0x10 common/built-in.o
 .text.initr_reloc
                0x00000000178079c0       0x20 common/built-in.o
 .text.__cpu_secondary_init_r
                0x00000000178079e0        0x4 common/built-in.o
                0x00000000178079e0                cpu_secondary_init_r
                0x00000000178079e0                __cpu_secondary_init_r
 .text.initr_secondary_cpu
                0x00000000178079e4       0x10 common/built-in.o
 .text.board_init_r
                0x00000000178079f4       0x18 common/built-in.o
                0x00000000178079f4                board_init_r
 .text.do_go_exec
                0x0000000017807a0c       0x18 common/built-in.o
                0x0000000017807a0c                do_go_exec
 .text.do_go    0x0000000017807a24       0x70 common/built-in.o
 .text.copy_args
                0x0000000017807a94       0x50 common/built-in.o
 .text.image_info
                0x0000000017807ae4       0xd0 common/built-in.o
 .text.do_bootd
                0x0000000017807bb4       0x24 common/built-in.o
                0x0000000017807bb4                do_bootd
 .text.do_bootm_rtems
                0x0000000017807bd8       0x40 common/built-in.o
 .text.do_bootm_plan9
                0x0000000017807c18       0xa4 common/built-in.o
 .text.do_bootm_standalone
                0x0000000017807cbc       0x64 common/built-in.o
 .text.do_bootm_netbsd
                0x0000000017807d20       0xf8 common/built-in.o
 .text.do_iminfo
                0x0000000017807e18       0x60 common/built-in.o
 .text.bootm_find_ramdisk.isra.18
                0x0000000017807e78       0x44 common/built-in.o
 .text.bootm_find_fdt
                0x0000000017807ebc       0x5c common/built-in.o
 .text.do_bootm_states.isra.21.constprop.23
                0x0000000017807f18      0x788 common/built-in.o
 .text.do_bootm
                0x00000000178086a0       0xdc common/built-in.o
                0x00000000178086a0                do_bootm
 .text.bootm_maybe_autostart
                0x000000001780877c       0x78 common/built-in.o
                0x000000001780877c                bootm_maybe_autostart
 .text.do_bootvx_fdt
                0x00000000178087f4      0x10c common/built-in.o
                0x00000000178087f4                do_bootvx_fdt
 .text.do_bootm_vxworks
                0x0000000017808900       0x24 common/built-in.o
 .text.do_bootz
                0x0000000017808924      0x100 common/built-in.o
                0x0000000017808924                do_bootz
 .text.do_help  0x0000000017808a24       0x48 common/built-in.o
 .text.do_version
                0x0000000017808a6c       0x38 common/built-in.o
 .text.env_attr_walk
                0x0000000017808aa4      0x110 common/built-in.o
                0x0000000017808aa4                env_attr_walk
 .text.env_attr_lookup
                0x0000000017808bb4      0x184 common/built-in.o
                0x0000000017808bb4                env_attr_lookup
 .text.clear_callback
                0x0000000017808d38       0x10 common/built-in.o
 .text.find_env_callback
                0x0000000017808d48       0x64 common/built-in.o
 .text.on_callbacks
                0x0000000017808dac       0x48 common/built-in.o
 .text.set_callback
                0x0000000017808df4       0x94 common/built-in.o
 .text.env_callback_init
                0x0000000017808e88       0xc4 common/built-in.o
                0x0000000017808e88                env_callback_init
 .text.skip_num
                0x0000000017808f4c       0x74 common/built-in.o
 .text.clear_flags
                0x0000000017808fc0       0x10 common/built-in.o
 .text.on_flags
                0x0000000017808fd0       0x48 common/built-in.o
 .text.env_flags_parse_vartype
                0x0000000017809018       0x50 common/built-in.o
                0x0000000017809018                env_flags_parse_vartype
 .text.env_flags_parse_varaccess
                0x0000000017809068       0x58 common/built-in.o
                0x0000000017809068                env_flags_parse_varaccess
 .text.set_flags
                0x00000000178090c0       0xac common/built-in.o
 .text.env_flags_init
                0x000000001780916c       0xd8 common/built-in.o
                0x000000001780916c                env_flags_init
 .text.env_flags_validate
                0x0000000017809244      0x30c common/built-in.o
                0x0000000017809244                env_flags_validate
 .text.mmc_get_env_addr
                0x0000000017809550       0x10 common/built-in.o
                0x0000000017809550                mmc_get_env_addr
 .text.init_mmc_for_env
                0x0000000017809560       0x60 common/built-in.o
 .text.fini_mmc_for_env.isra.1
                0x00000000178095c0       0x20 common/built-in.o
 .text.env_init
                0x00000000178095e0       0x1c common/built-in.o
                0x00000000178095e0                env_init
 .text.saveenv  0x00000000178095fc      0x19c common/built-in.o
                0x00000000178095fc                saveenv
 .text.env_relocate_spec
                0x0000000017809798       0xf8 common/built-in.o
                0x0000000017809798                env_relocate_spec
 .text.source   0x0000000017809890       0xdc common/built-in.o
                0x0000000017809890                source
 .text.do_source
                0x000000001780996c       0x44 common/built-in.o
                0x000000001780996c                do_source
 .text.print_num
                0x00000000178099b0       0x18 common/built-in.o
 .text.do_bdinfo
                0x00000000178099c8      0x190 common/built-in.o
                0x00000000178099c8                do_bdinfo
 .text.parse_argv
                0x0000000017809b58       0x60 common/built-in.o
 .text.do_icache
                0x0000000017809bb8       0x88 common/built-in.o
                0x0000000017809bb8                do_icache
 .text.do_dcache
                0x0000000017809c40       0x88 common/built-in.o
                0x0000000017809c40                do_dcache
 .text.do_coninfo
                0x0000000017809cc8       0xbc common/built-in.o
 .text.do_echo  0x0000000017809d84       0xb0 common/built-in.o
 .text.do_exit  0x0000000017809e34       0x30 common/built-in.o
 .text.do_ext2ls
                0x0000000017809e64       0x18 common/built-in.o
                0x0000000017809e64                do_ext2ls
 .text.do_ext2load
                0x0000000017809e7c       0x18 common/built-in.o
                0x0000000017809e7c                do_ext2load
 .text.do_fat_fsload
                0x0000000017809e94       0x18 common/built-in.o
                0x0000000017809e94                do_fat_fsload
 .text.do_fat_ls
                0x0000000017809eac       0x18 common/built-in.o
 .text.do_fat_fsinfo
                0x0000000017809ec4       0x90 common/built-in.o
 .text.fdt_valid
                0x0000000017809f54       0xbc common/built-in.o
 .text.is_printable_string
                0x000000001780a010       0x88 common/built-in.o
 .text.print_data
                0x000000001780a098      0x170 common/built-in.o
 .text.set_working_fdt_addr
                0x000000001780a208       0x1c common/built-in.o
                0x000000001780a208                set_working_fdt_addr
 .text.do_fdt   0x000000001780a224      0xe7c common/built-in.o
 .text.write_cell
                0x000000001780b0a0       0x4c common/built-in.o
 .text.get_cells_len
                0x000000001780b0ec       0x3c common/built-in.o
 .text.fdt_find_and_setprop
                0x000000001780b128       0x70 common/built-in.o
                0x000000001780b128                fdt_find_and_setprop
 .text.fdt_initrd
                0x000000001780b198      0x1e4 common/built-in.o
                0x000000001780b198                fdt_initrd
 .text.fdt_chosen
                0x000000001780b37c      0x114 common/built-in.o
                0x000000001780b37c                fdt_chosen
 .text.do_fixup_by_path
                0x000000001780b490       0x54 common/built-in.o
                0x000000001780b490                do_fixup_by_path
 .text.fdt_fixup_memory_banks
                0x000000001780b4e4      0x1a8 common/built-in.o
                0x000000001780b4e4                fdt_fixup_memory_banks
 .text.fdt_fixup_memory
                0x000000001780b68c       0x24 common/built-in.o
                0x000000001780b68c                fdt_fixup_memory
 .text.fdt_fixup_ethernet
                0x000000001780b6b0      0x12c common/built-in.o
                0x000000001780b6b0                fdt_fixup_ethernet
 .text.fdt_resize
                0x000000001780b7dc       0xd0 common/built-in.o
                0x000000001780b7dc                fdt_resize
 .text.do_flinfo
                0x000000001780b8ac        0x8 common/built-in.o
 .text.do_flerase
                0x000000001780b8b4        0x8 common/built-in.o
 .text.do_protect
                0x000000001780b8bc       0x10 common/built-in.o
 .text.strtou32
                0x000000001780b8cc       0x48 common/built-in.o
 .text.do_fuse  0x000000001780b914      0x380 common/built-in.o
 .text.get_alen
                0x000000001780bc94       0x3c common/built-in.o
 .text.do_i2c_bus_num
                0x000000001780bcd0       0xb8 common/built-in.o
                0x000000001780bcd0                do_i2c_bus_num
 .text.do_i2c   0x000000001780bd88       0x5c common/built-in.o
 .text.do_i2c_reset
                0x000000001780bde4       0x30 common/built-in.o
 .text.do_i2c_mw
                0x000000001780be14       0xec common/built-in.o
 .text.do_i2c_read
                0x000000001780bf00       0xb0 common/built-in.o
 .text.do_i2c_probe
                0x000000001780bfb0       0x9c common/built-in.o
 .text.do_i2c_md
                0x000000001780c04c      0x1d8 common/built-in.o
 .text.do_i2c_crc
                0x000000001780c224      0x114 common/built-in.o
 .text.do_i2c_show_bus
                0x000000001780c338       0xdc common/built-in.o
                0x000000001780c338                do_i2c_show_bus
 .text.do_i2c_bus_speed
                0x000000001780c414       0x74 common/built-in.o
 .text.do_i2c_write
                0x000000001780c488       0xf0 common/built-in.o
 .text.do_i2c_loop
                0x000000001780c578       0xd8 common/built-in.o
 .text.mod_i2c_mem.isra.4
                0x000000001780c650      0x1e4 common/built-in.o
 .text.do_i2c_nm
                0x000000001780c834        0x8 common/built-in.o
 .text.do_i2c_mm
                0x000000001780c83c        0x8 common/built-in.o
 .text.i2c_init_board
                0x000000001780c844        0x4 common/built-in.o
                0x000000001780c844                i2c_init_board
 .text.evalexp  0x000000001780c848       0x74 common/built-in.o
 .text.evalstr  0x000000001780c8bc       0x6c common/built-in.o
 .text.binary_test
                0x000000001780c928      0x1b4 common/built-in.o
 .text.do_itest
                0x000000001780cadc       0x98 common/built-in.o
 .text.bin_data_init
                0x000000001780cb74       0x2c common/built-in.o
 .text.k_data_save
                0x000000001780cba0       0x4c common/built-in.o
 .text.k_data_restore
                0x000000001780cbec       0x4c common/built-in.o
 .text.getcxmodem
                0x000000001780cc38       0x20 common/built-in.o
 .text.load_serial_ymodem
                0x000000001780cc58       0xcc common/built-in.o
 .text.bin_data_char
                0x000000001780cd24       0x2c common/built-in.o
 .text.chk1.constprop.1
                0x000000001780cd50       0x2c common/built-in.o
 .text.s1_sendpacket.constprop.2
                0x000000001780cd7c       0x50 common/built-in.o
 .text.load_serial
                0x000000001780cdcc      0x1f8 common/built-in.o
 .text.do_load_serial
                0x000000001780cfc4       0xdc common/built-in.o
 .text.do_load_serial_bin
                0x000000001780d0a0      0x798 common/built-in.o
 .text.do_mem_mw
                0x000000001780d838       0xc0 common/built-in.o
 .text.do_mem_loop
                0x000000001780d8f8       0xf8 common/built-in.o
 .text.do_mem_md
                0x000000001780d9f0       0xe8 common/built-in.o
 .text.do_mem_cmp
                0x000000001780dad8      0x168 common/built-in.o
 .text.do_mem_base
                0x000000001780dc40       0x40 common/built-in.o
 .text.do_mem_cp
                0x000000001780dc80       0xd8 common/built-in.o
 .text.do_mem_crc
                0x000000001780dd58       0x4c common/built-in.o
 .text.do_mem_mtest
                0x000000001780dda4      0x1e4 common/built-in.o
 .text.mod_mem.isra.2
                0x000000001780df88      0x168 common/built-in.o
 .text.do_mem_mm
                0x000000001780e0f0        0x8 common/built-in.o
 .text.do_mem_nm
                0x000000001780e0f8        0x8 common/built-in.o
 .text.miiphy_get_dev_by_name
                0x000000001780e100       0x5c common/built-in.o
                0x000000001780e100                miiphy_get_dev_by_name
 .text.miiphy_init
                0x000000001780e15c       0x24 common/built-in.o
                0x000000001780e15c                miiphy_init
 .text.mdio_alloc
                0x000000001780e180       0x30 common/built-in.o
                0x000000001780e180                mdio_alloc
 .text.mdio_register
                0x000000001780e1b0       0x8c common/built-in.o
                0x000000001780e1b0                mdio_register
 .text.mdio_list_devices
                0x000000001780e23c       0x9c common/built-in.o
                0x000000001780e23c                mdio_list_devices
 .text.miiphy_set_current_dev
                0x000000001780e2d8       0x40 common/built-in.o
                0x000000001780e2d8                miiphy_set_current_dev
 .text.miiphy_get_active_dev
                0x000000001780e318       0x54 common/built-in.o
 .text.mdio_get_current_dev
                0x000000001780e36c       0x10 common/built-in.o
                0x000000001780e36c                mdio_get_current_dev
 .text.mdio_phydev_for_ethname
                0x000000001780e37c       0x8c common/built-in.o
                0x000000001780e37c                mdio_phydev_for_ethname
 .text.miiphy_get_current_dev
                0x000000001780e408       0x18 common/built-in.o
                0x000000001780e408                miiphy_get_current_dev
 .text.miiphy_read
                0x000000001780e420       0x4c common/built-in.o
                0x000000001780e420                miiphy_read
 .text.miiphy_write
                0x000000001780e46c       0x40 common/built-in.o
                0x000000001780e46c                miiphy_write
 .text.miiphy_listdev
                0x000000001780e4ac       0x74 common/built-in.o
                0x000000001780e4ac                miiphy_listdev
 .text.miiphy_info
                0x000000001780e520       0x88 common/built-in.o
                0x000000001780e520                miiphy_info
 .text.miiphy_speed
                0x000000001780e5a8       0x90 common/built-in.o
                0x000000001780e5a8                miiphy_speed
 .text.miiphy_duplex
                0x000000001780e638       0x90 common/built-in.o
                0x000000001780e638                miiphy_duplex
 .text.miiphy_is_1000base_x
                0x000000001780e6c8        0x8 common/built-in.o
                0x000000001780e6c8                miiphy_is_1000base_x
 .text.extract_range
                0x000000001780e6d0       0xe0 common/built-in.o
 .text.do_mii   0x000000001780e7b0      0x7a4 common/built-in.o
 .text.do_mdio  0x000000001780ef54      0x4c0 common/built-in.o
 .text.do_sleep
                0x000000001780f414       0x70 common/built-in.o
 .text.do_mmcops
                0x000000001780f484      0x7bc common/built-in.o
 .text.do_mmcinfo
                0x000000001780fc40      0x184 common/built-in.o
 .text.netboot_common
                0x000000001780fdc4      0x2a0 common/built-in.o
 .text.do_bootp
                0x0000000017810064        0xc common/built-in.o
 .text.do_dhcp  0x0000000017810070        0xc common/built-in.o
 .text.do_nfs   0x000000001781007c        0xc common/built-in.o
 .text.do_tftpb
                0x0000000017810088       0x40 common/built-in.o
                0x0000000017810088                do_tftpb
 .text.do_ping  0x00000000178100c8       0x74 common/built-in.o
 .text.get_arg  0x000000001781013c       0x5c common/built-in.o
 .text.do_setexpr
                0x0000000017810198      0x140 common/built-in.o
 .text.do_false
                0x00000000178102d8        0x8 common/built-in.o
 .text.do_true  0x00000000178102e0        0x8 common/built-in.o
 .text.do_test  0x00000000178102e8      0x350 common/built-in.o
 .text.usb_get_class_desc
                0x0000000017810638       0xbc common/built-in.o
 .text.usb_display_class_sub
                0x00000000178106f4      0x180 common/built-in.o
 .text.usb_find_device
                0x0000000017810874       0x3c common/built-in.o
 .text.usb_show_tree_graph
                0x00000000178108b0      0x218 common/built-in.o
 .text.usb_display_string
                0x0000000017810ac8       0x44 common/built-in.o
 .text.usb_display_config
                0x0000000017810b0c      0x214 common/built-in.o
 .text.do_usbboot
                0x0000000017810d20        0xc common/built-in.o
 .text.usb_display_desc.part.1
                0x0000000017810d2c      0x12c common/built-in.o
 .text.do_usb   0x0000000017810e58      0x784 common/built-in.o
 .text.usb_set_maxpacket_ep
                0x00000000178115dc       0x68 common/built-in.o
 .text.usb_stop
                0x0000000017811644       0x5c common/built-in.o
                0x0000000017811644                usb_stop
 .text.usb_disable_asynch
                0x00000000178116a0       0x20 common/built-in.o
                0x00000000178116a0                usb_disable_asynch
 .text.usb_control_msg
                0x00000000178116c0       0xc0 common/built-in.o
                0x00000000178116c0                usb_control_msg
 .text.usb_get_descriptor
                0x0000000017811780       0x50 common/built-in.o
 .text.usb_get_string
                0x00000000178117d0       0x6c common/built-in.o
 .text.usb_string_sub
                0x000000001781183c      0x10c common/built-in.o
 .text.usb_bulk_msg
                0x0000000017811948       0x6c common/built-in.o
                0x0000000017811948                usb_bulk_msg
 .text.usb_maxpacket
                0x00000000178119b4       0x1c common/built-in.o
                0x00000000178119b4                usb_maxpacket
 .text.usb_clear_halt
                0x00000000178119d0       0x90 common/built-in.o
                0x00000000178119d0                usb_clear_halt
 .text.usb_get_configuration_no
                0x0000000017811a60       0xbc common/built-in.o
                0x0000000017811a60                usb_get_configuration_no
 .text.usb_set_interface
                0x0000000017811b1c       0xb0 common/built-in.o
                0x0000000017811b1c                usb_set_interface
 .text.usb_string
                0x0000000017811bcc      0x104 common/built-in.o
                0x0000000017811bcc                usb_string
 .text.usb_get_dev_index
                0x0000000017811cd0       0x24 common/built-in.o
                0x0000000017811cd0                usb_get_dev_index
 .text.usb_alloc_new_device
                0x0000000017811cf4       0x8c common/built-in.o
                0x0000000017811cf4                usb_alloc_new_device
 .text.usb_free_device
                0x0000000017811d80       0x48 common/built-in.o
                0x0000000017811d80                usb_free_device
 .text.usb_alloc_device
                0x0000000017811dc8        0x8 common/built-in.o
                0x0000000017811dc8                usb_alloc_device
 .text.usb_new_device
                0x0000000017811dd0      0x614 common/built-in.o
                0x0000000017811dd0                usb_new_device
 .text.usb_init
                0x00000000178123e4      0x118 common/built-in.o
                0x00000000178123e4                usb_init
 .text.usb_set_port_feature
                0x00000000178124fc       0x4c common/built-in.o
 .text.usb_get_port_status
                0x0000000017812548       0x4c common/built-in.o
 .text.usb_clear_port_feature
                0x0000000017812594       0x4c common/built-in.o
 .text.usb_hub_power_on
                0x00000000178125e0       0xb4 common/built-in.o
 .text.usb_get_hub_descriptor
                0x0000000017812694       0x50 common/built-in.o
 .text.usb_hub_reset_devices
                0x00000000178126e4        0x4 common/built-in.o
                0x00000000178126e4                usb_hub_reset_devices
 .text.usb_hub_reset
                0x00000000178126e8       0x14 common/built-in.o
                0x00000000178126e8                usb_hub_reset
 .text.hub_port_reset
                0x00000000178126fc       0xac common/built-in.o
                0x00000000178126fc                hub_port_reset
 .text.usb_hub_port_connect_change
                0x00000000178127a8      0x120 common/built-in.o
                0x00000000178127a8                usb_hub_port_connect_change
 .text.usb_hub_configure
                0x00000000178128c8      0x2d4 common/built-in.o
 .text.usb_hub_probe
                0x0000000017812b9c       0x58 common/built-in.o
                0x0000000017812b9c                usb_hub_probe
 .text.usb_stor_irq
                0x0000000017812bf4       0x1c common/built-in.o
 .text.usb_stor_BBB_reset
                0x0000000017812c10       0xd4 common/built-in.o
 .text.usb_stor_CB_reset
                0x0000000017812ce4       0xcc common/built-in.o
 .text.usb_stor_BBB_clear_endpt_stall.isra.2
                0x0000000017812db0       0x40 common/built-in.o
 .text.usb_stor_BBB_transport
                0x0000000017812df0      0x25c common/built-in.o
 .text.usb_stor_CB_comdat
                0x000000001781304c      0x1f4 common/built-in.o
 .text.usb_stor_CBI_get_status.isra.4
                0x0000000017813240       0xc4 common/built-in.o
 .text.usb_stor_CB_transport
                0x0000000017813304      0x220 common/built-in.o
 .text.usb_request_sense.constprop.9
                0x0000000017813524       0x70 common/built-in.o
 .text.usb_stor_write
                0x0000000017813594      0x1ac common/built-in.o
                0x0000000017813594                usb_stor_write
 .text.usb_stor_read
                0x0000000017813740      0x1ac common/built-in.o
                0x0000000017813740                usb_stor_read
 .text.usb_stor_get_dev
                0x00000000178138ec       0x28 common/built-in.o
                0x00000000178138ec                usb_stor_get_dev
 .text.usb_stor_info
                0x0000000017813914       0x74 common/built-in.o
                0x0000000017813914                usb_stor_info
 .text.usb_storage_probe
                0x0000000017813988      0x208 common/built-in.o
                0x0000000017813988                usb_storage_probe
 .text.usb_stor_get_info
                0x0000000017813b90      0x31c common/built-in.o
                0x0000000017813b90                usb_stor_get_info
 .text.usb_stor_scan
                0x0000000017813eac      0x1e4 common/built-in.o
                0x0000000017813eac                usb_stor_scan
 .text.do_imgextract
                0x0000000017814090      0x284 common/built-in.o
 .text.__splash_screen_prepare
                0x0000000017814314        0x8 common/built-in.o
                0x0000000017814314                splash_screen_prepare
                0x0000000017814314                __splash_screen_prepare
 .text.splash_get_pos
                0x000000001781431c       0x88 common/built-in.o
                0x000000001781431c                splash_get_pos
 .text.do_env_delete
                0x00000000178143a4       0xa4 common/built-in.o
 .text.do_env_save
                0x0000000017814448       0x2c common/built-in.o
 .text.do_env   0x0000000017814474       0x5c common/built-in.o
 .text.env_print
                0x00000000178144d0       0xc0 common/built-in.o
 .text.do_env_print
                0x0000000017814590       0xc4 common/built-in.o
 .text.do_env_import
                0x0000000017814654      0x25c common/built-in.o
 .text.do_env_default
                0x00000000178148b0       0xb8 common/built-in.o
 .text._do_env_set.isra.0
                0x0000000017814968      0x1c4 common/built-in.o
 .text.do_env_set
                0x0000000017814b2c       0x1c common/built-in.o
 .text.get_env_id
                0x0000000017814b48       0x10 common/built-in.o
                0x0000000017814b48                get_env_id
 .text.setenv   0x0000000017814b58       0x58 common/built-in.o
                0x0000000017814b58                setenv
 .text.setenv_ulong
                0x0000000017814bb0       0x20 common/built-in.o
                0x0000000017814bb0                setenv_ulong
 .text.setenv_hex
                0x0000000017814bd0       0x34 common/built-in.o
                0x0000000017814bd0                setenv_hex
 .text.do_env_export
                0x0000000017814c04      0x270 common/built-in.o
 .text.envmatch
                0x0000000017814e74       0x70 common/built-in.o
                0x0000000017814e74                envmatch
 .text.getenv_f
                0x0000000017814ee4       0xc4 common/built-in.o
                0x0000000017814ee4                getenv_f
 .text.getenv   0x0000000017814fa8       0x78 common/built-in.o
                0x0000000017814fa8                getenv
 .text.getenv_hex
                0x0000000017815020       0x3c common/built-in.o
                0x0000000017815020                getenv_hex
 .text.getenv_ulong
                0x000000001781505c       0x30 common/built-in.o
                0x000000001781505c                getenv_ulong
 .text.do_env_edit
                0x000000001781508c       0x74 common/built-in.o
 .text.__env_get_char_spec
                0x0000000017815100        0xc common/built-in.o
                0x0000000017815100                env_get_char_spec
 .text.env_get_addr
                0x000000001781510c       0x20 common/built-in.o
                0x000000001781510c                env_get_addr
 .text.env_get_char_memory
                0x000000001781512c       0x10 common/built-in.o
                0x000000001781512c                env_get_char_memory
 .text.env_get_char
                0x000000001781513c       0x30 common/built-in.o
                0x000000001781513c                env_get_char
 .text.getenv_yesno
                0x000000001781516c       0x48 common/built-in.o
                0x000000001781516c                getenv_yesno
 .text.getenv_default
                0x00000000178151b4       0x30 common/built-in.o
                0x00000000178151b4                getenv_default
 .text.set_default_env
                0x00000000178151e4       0xbc common/built-in.o
                0x00000000178151e4                set_default_env
 .text.set_default_vars
                0x00000000178152a0       0x34 common/built-in.o
                0x00000000178152a0                set_default_vars
 .text.env_import
                0x00000000178152d4       0xdc common/built-in.o
                0x00000000178152d4                env_import
 .text.env_relocate
                0x00000000178153b0       0x30 common/built-in.o
                0x00000000178153b0                env_relocate
 .text.env_complete
                0x00000000178153e0       0xdc common/built-in.o
                0x00000000178153e0                env_complete
 .text.console_setfile
                0x00000000178154bc       0xa0 common/built-in.o
 .text.serial_printf
                0x000000001781555c       0x4c common/built-in.o
                0x000000001781555c                serial_printf
 .text.fgetc    0x00000000178155a8       0x2c common/built-in.o
                0x00000000178155a8                fgetc
 .text.ftstc    0x00000000178155d4       0x2c common/built-in.o
                0x00000000178155d4                ftstc
 .text.fputc    0x0000000017815600       0x28 common/built-in.o
                0x0000000017815600                fputc
 .text.getc     0x0000000017815628       0x24 common/built-in.o
                0x0000000017815628                getc
 .text.tstc     0x000000001781564c       0x24 common/built-in.o
                0x000000001781564c                tstc
 .text.putc     0x0000000017815670       0x28 common/built-in.o
                0x0000000017815670                putc
 .text.puts     0x0000000017815698       0x3c common/built-in.o
                0x0000000017815698                puts
 .text.printf   0x00000000178156d4       0x58 common/built-in.o
                0x00000000178156d4                printf
 .text.vprintf  0x000000001781572c       0x48 common/built-in.o
                0x000000001781572c                vprintf
 .text.ctrlc    0x0000000017815774       0x58 common/built-in.o
                0x0000000017815774                ctrlc
 .text.had_ctrlc
                0x00000000178157cc       0x10 common/built-in.o
                0x00000000178157cc                had_ctrlc
 .text.clear_ctrlc
                0x00000000178157dc       0x14 common/built-in.o
                0x00000000178157dc                clear_ctrlc
 .text.search_device
                0x00000000178157f0       0x30 common/built-in.o
                0x00000000178157f0                search_device
 .text.console_assign
                0x0000000017815820       0x44 common/built-in.o
                0x0000000017815820                console_assign
 .text.on_console
                0x0000000017815864       0xb8 common/built-in.o
 .text.console_init_f
                0x000000001781591c       0x10 common/built-in.o
                0x000000001781591c                console_init_f
 .text.stdio_print_current_devices
                0x000000001781592c       0xb0 common/built-in.o
                0x000000001781592c                stdio_print_current_devices
 .text.console_init_r
                0x00000000178159dc      0x168 common/built-in.o
                0x00000000178159dc                console_init_r
 .text.sbrk     0x0000000017815b44       0x70 common/built-in.o
                0x0000000017815b44                sbrk
 .text.mem_malloc_init
                0x0000000017815bb4       0x34 common/built-in.o
                0x0000000017815bb4                mem_malloc_init
 .text.malloc_trim
                0x0000000017815be8       0xcc common/built-in.o
                0x0000000017815be8                malloc_trim
 .text.free     0x0000000017815cb4      0x230 common/built-in.o
                0x0000000017815cb4                free
 .text.malloc   0x0000000017815ee4      0x5dc common/built-in.o
                0x0000000017815ee4                malloc
 .text.calloc   0x00000000178164c0       0xdc common/built-in.o
                0x00000000178164c0                calloc
 .text.realloc  0x000000001781659c      0x4c0 common/built-in.o
                0x000000001781659c                realloc
 .text.memalign
                0x0000000017816a5c      0x10c common/built-in.o
                0x0000000017816a5c                memalign
 .text.on_loadaddr
                0x0000000017816b68       0x38 common/built-in.o
 .text.image_check_hcrc
                0x0000000017816ba0       0x4c common/built-in.o
                0x0000000017816ba0                image_check_hcrc
 .text.image_check_dcrc
                0x0000000017816bec       0x38 common/built-in.o
                0x0000000017816bec                image_check_dcrc
 .text.image_multi_count
                0x0000000017816c24       0x1c common/built-in.o
                0x0000000017816c24                image_multi_count
 .text.image_multi_getimg
                0x0000000017816c40       0x84 common/built-in.o
                0x0000000017816c40                image_multi_getimg
 .text.getenv_bootm_low
                0x0000000017816cc4       0x30 common/built-in.o
                0x0000000017816cc4                getenv_bootm_low
 .text.getenv_bootm_size
                0x0000000017816cf4       0x5c common/built-in.o
                0x0000000017816cf4                getenv_bootm_size
 .text.getenv_bootm_mapsize
                0x0000000017816d50       0x30 common/built-in.o
                0x0000000017816d50                getenv_bootm_mapsize
 .text.memmove_wd
                0x0000000017816d80        0xc common/built-in.o
                0x0000000017816d80                memmove_wd
 .text.genimg_print_size
                0x0000000017816d8c       0x30 common/built-in.o
                0x0000000017816d8c                genimg_print_size
 .text.get_table_entry_name
                0x0000000017816dbc       0x2c common/built-in.o
                0x0000000017816dbc                get_table_entry_name
 .text.genimg_get_os_name
                0x0000000017816de8       0x18 common/built-in.o
                0x0000000017816de8                genimg_get_os_name
 .text.genimg_get_arch_name
                0x0000000017816e00       0x18 common/built-in.o
                0x0000000017816e00                genimg_get_arch_name
 .text.genimg_get_type_name
                0x0000000017816e18       0x18 common/built-in.o
                0x0000000017816e18                genimg_get_type_name
 .text.genimg_get_comp_name
                0x0000000017816e30       0x18 common/built-in.o
                0x0000000017816e30                genimg_get_comp_name
 .text.image_print_contents
                0x0000000017816e48      0x16c common/built-in.o
                0x0000000017816e48                image_print_contents
 .text.genimg_get_format
                0x0000000017816fb4       0x38 common/built-in.o
                0x0000000017816fb4                genimg_get_format
 .text.genimg_get_image
                0x0000000017816fec        0x4 common/built-in.o
                0x0000000017816fec                genimg_get_image
 .text.genimg_has_config
                0x0000000017816ff0        0x8 common/built-in.o
                0x0000000017816ff0                genimg_has_config
 .text.boot_get_ramdisk
                0x0000000017816ff8      0x23c common/built-in.o
                0x0000000017816ff8                boot_get_ramdisk
 .text.boot_ramdisk_high
                0x0000000017817234      0x128 common/built-in.o
                0x0000000017817234                boot_ramdisk_high
 .text.image_setup_linux
                0x000000001781735c       0x8c common/built-in.o
                0x000000001781735c                image_setup_linux
 .text.fdt_error
                0x00000000178173e8       0x2c common/built-in.o
 .text.boot_fdt_add_mem_rsv_regions
                0x0000000017817414       0x88 common/built-in.o
                0x0000000017817414                boot_fdt_add_mem_rsv_regions
 .text.boot_relocate_fdt
                0x000000001781749c      0x194 common/built-in.o
                0x000000001781749c                boot_relocate_fdt
 .text.boot_get_fdt
                0x0000000017817630      0x270 common/built-in.o
                0x0000000017817630                boot_get_fdt
 .text.ft_verify_fdt
                0x00000000178178a0        0x8 common/built-in.o
                0x00000000178178a0                ft_verify_fdt
 .text.image_setup_libfdt
                0x00000000178178a8       0xd8 common/built-in.o
                0x00000000178178a8                image_setup_libfdt
 .text.get_effective_memsize
                0x0000000017817980        0x8 common/built-in.o
                0x0000000017817980                get_effective_memsize
 .text.nulldev_putc
                0x0000000017817988        0x4 common/built-in.o
                0x0000000017817988                nulldev_putc
 .text.nulldev_puts
                0x000000001781798c        0x4 common/built-in.o
                0x000000001781798c                nulldev_puts
 .text.nulldev_input
                0x0000000017817990        0x8 common/built-in.o
                0x0000000017817990                nulldev_input
 .text.stdio_get_list
                0x0000000017817998        0xc common/built-in.o
                0x0000000017817998                stdio_get_list
 .text.stdio_get_by_name
                0x00000000178179a4       0x4c common/built-in.o
                0x00000000178179a4                stdio_get_by_name
 .text.stdio_clone
                0x00000000178179f0       0x40 common/built-in.o
                0x00000000178179f0                stdio_clone
 .text.stdio_register
                0x0000000017817a30       0x44 common/built-in.o
                0x0000000017817a30                stdio_register
 .text.stdio_init
                0x0000000017817a74       0xec common/built-in.o
                0x0000000017817a74                stdio_init
 .text.get_dev  0x0000000017817b60       0x60 disk/built-in.o
                0x0000000017817b60                get_dev
 .text.dev_print
                0x0000000017817bc0      0x218 disk/built-in.o
                0x0000000017817bc0                dev_print
 .text.init_part
                0x0000000017817dd8       0x20 disk/built-in.o
                0x0000000017817dd8                init_part
 .text.print_part
                0x0000000017817df8       0xf8 disk/built-in.o
                0x0000000017817df8                print_part
 .text.get_partition_info
                0x0000000017817ef0       0x28 disk/built-in.o
                0x0000000017817ef0                get_partition_info
 .text.get_device
                0x0000000017817f18       0x84 disk/built-in.o
                0x0000000017817f18                get_device
 .text.get_device_and_partition
                0x0000000017817f9c      0x3f0 disk/built-in.o
                0x0000000017817f9c                get_device_and_partition
 .text.test_block_type
                0x000000001781838c       0x7c disk/built-in.o
 .text.print_partition_extended
                0x0000000017818408      0x25c disk/built-in.o
 .text.get_partition_info_extended.constprop.2
                0x0000000017818664      0x2b4 disk/built-in.o
 .text.test_part_dos
                0x0000000017818918       0x60 disk/built-in.o
                0x0000000017818918                test_part_dos
 .text.print_part_dos
                0x0000000017818978       0x34 disk/built-in.o
                0x0000000017818978                print_part_dos
 .text.get_partition_info_dos
                0x00000000178189ac       0x20 disk/built-in.o
                0x00000000178189ac                get_partition_info_dos
 .text.finish_access
                0x00000000178189cc       0x3c drivers/built-in.o
 .text.set_timing
                0x0000000017818a08       0xa8 drivers/built-in.o
 .text.prepare_access
                0x0000000017818ab0       0x78 drivers/built-in.o
 .text.fuse_read
                0x0000000017818b28       0x68 drivers/built-in.o
                0x0000000017818b28                fuse_read
 .text.fuse_sense
                0x0000000017818b90       0xac drivers/built-in.o
                0x0000000017818b90                fuse_sense
 .text.fuse_prog
                0x0000000017818c3c       0xa8 drivers/built-in.o
                0x0000000017818c3c                fuse_prog
 .text.fuse_override
                0x0000000017818ce4       0x5c drivers/built-in.o
                0x0000000017818ce4                fuse_override
 .text.video_drawchars
                0x0000000017818d40      0x480 drivers/built-in.o
 .text.draw_bitmap
                0x00000000178191c0       0xe0 drivers/built-in.o
 .text.console_newline.constprop.2
                0x00000000178192a0       0xf0 drivers/built-in.o
 .text.video_putc
                0x0000000017819390      0x19c drivers/built-in.o
                0x0000000017819390                video_putc
 .text.video_puts
                0x000000001781952c       0x30 drivers/built-in.o
                0x000000001781952c                video_puts
 .text.board_cfb_skip
                0x000000001781955c        0x8 drivers/built-in.o
                0x000000001781955c                board_cfb_skip
 .text.display_rle8_bitmap
                0x0000000017819564      0x340 drivers/built-in.o
 .text.plot_logo_or_black
                0x00000000178198a4      0x274 drivers/built-in.o
 .text.do_clrlogo
                0x0000000017819b18       0x60 drivers/built-in.o
 .text.video_display_bitmap
                0x0000000017819b78      0xa44 drivers/built-in.o
                0x0000000017819b78                video_display_bitmap
 .text.video_clear
                0x000000001781a5bc       0x54 drivers/built-in.o
                0x000000001781a5bc                video_clear
 .text.drv_video_init
                0x000000001781a610      0x414 drivers/built-in.o
                0x000000001781a610                drv_video_init
 .text.mxcfb_map_video_memory
                0x000000001781aa24       0x80 drivers/built-in.o
 .text.fb_videomode_to_var
                0x000000001781aaa4       0x70 drivers/built-in.o
                0x000000001781aaa4                fb_videomode_to_var
 .text.ipuv3_fb_shutdown
                0x000000001781ab14       0x60 drivers/built-in.o
                0x000000001781ab14                ipuv3_fb_shutdown
 .text.video_hw_init
                0x000000001781ab74      0x59c drivers/built-in.o
                0x000000001781ab74                video_hw_init
 .text.video_set_lut
                0x000000001781b110        0x4 drivers/built-in.o
                0x000000001781b110                video_set_lut
 .text.ipuv3_fb_init
                0x000000001781b114       0x2c drivers/built-in.o
                0x000000001781b114                ipuv3_fb_init
 .text.clk_ipu_enable
                0x000000001781b140       0x20 drivers/built-in.o
 .text.clk_ipu_disable
                0x000000001781b160       0x1c drivers/built-in.o
 .text.ipu_pixel_clk_enable
                0x000000001781b17c       0x28 drivers/built-in.o
 .text.ipu_pixel_clk_disable
                0x000000001781b1a4       0x24 drivers/built-in.o
 .text.ipu_pixel_clk_round_rate
                0x000000001781b1c8      0x130 drivers/built-in.o
 .text.ipu_pixel_clk_set_rate
                0x000000001781b2f8       0xfc drivers/built-in.o
 .text.ipu_pixel_clk_recalc
                0x000000001781b3f4       0x7c drivers/built-in.o
 .text.ipu_pixel_clk_set_parent
                0x000000001781b470       0x88 drivers/built-in.o
 .text.clk_enable
                0x000000001781b4f8       0x2c drivers/built-in.o
                0x000000001781b4f8                clk_enable
 .text.clk_disable
                0x000000001781b524       0x38 drivers/built-in.o
                0x000000001781b524                clk_disable
 .text.clk_get_usecount
                0x000000001781b55c        0xc drivers/built-in.o
                0x000000001781b55c                clk_get_usecount
 .text.clk_get_rate
                0x000000001781b568        0xc drivers/built-in.o
                0x000000001781b568                clk_get_rate
 .text.clk_get_parent
                0x000000001781b574        0xc drivers/built-in.o
                0x000000001781b574                clk_get_parent
 .text.clk_set_rate
                0x000000001781b580       0x24 drivers/built-in.o
                0x000000001781b580                clk_set_rate
 .text.clk_round_rate
                0x000000001781b5a4       0x28 drivers/built-in.o
                0x000000001781b5a4                clk_round_rate
 .text.clk_set_parent
                0x000000001781b5cc       0x24 drivers/built-in.o
                0x000000001781b5cc                clk_set_parent
 .text.ipu_reset
                0x000000001781b5f0       0x50 drivers/built-in.o
                0x000000001781b5f0                ipu_reset
 .text.ipu_probe
                0x000000001781b640      0x110 drivers/built-in.o
                0x000000001781b640                ipu_probe
 .text.ipu_dump_registers
                0x000000001781b750        0x4 drivers/built-in.o
                0x000000001781b750                ipu_dump_registers
 .text.ipu_init_channel
                0x000000001781b754      0x1fc drivers/built-in.o
                0x000000001781b754                ipu_init_channel
 .text.ipu_uninit_channel
                0x000000001781b950      0x220 drivers/built-in.o
                0x000000001781b950                ipu_uninit_channel
 .text.ipu_enable_channel
                0x000000001781bb70       0xd4 drivers/built-in.o
                0x000000001781bb70                ipu_enable_channel
 .text.ipu_clear_buffer_ready
                0x000000001781bc44       0x7c drivers/built-in.o
                0x000000001781bc44                ipu_clear_buffer_ready
 .text.ipu_disable_channel
                0x000000001781bcc0      0x180 drivers/built-in.o
                0x000000001781bcc0                ipu_disable_channel
 .text.bytes_per_pixel
                0x000000001781be40       0xe0 drivers/built-in.o
                0x000000001781be40                bytes_per_pixel
 .text.ipu_init_channel_buffer
                0x000000001781bf20      0x5b0 drivers/built-in.o
                0x000000001781bf20                ipu_init_channel_buffer
 .text.format_to_colorspace
                0x000000001781c4d0       0xbc drivers/built-in.o
                0x000000001781c4d0                format_to_colorspace
 .text.ipu_dc_map_config
                0x000000001781c58c       0x70 drivers/built-in.o
 .text.rgb_to_yuv
                0x000000001781c5fc       0x74 drivers/built-in.o
 .text.ipu_dc_link_event
                0x000000001781c670      0x160 drivers/built-in.o
 .text.ipu_di_sync_config.constprop.2
                0x000000001781c7d0       0xe8 drivers/built-in.o
 .text.ipu_dmfc_init
                0x000000001781c8b8      0x15c drivers/built-in.o
                0x000000001781c8b8                ipu_dmfc_init
 .text.ipu_dmfc_set_wait4eot
                0x000000001781ca14      0x130 drivers/built-in.o
                0x000000001781ca14                ipu_dmfc_set_wait4eot
 .text.ipu_dp_csc_setup
                0x000000001781cb44      0x100 drivers/built-in.o
                0x000000001781cb44                ipu_dp_csc_setup
 .text.ipu_dp_init
                0x000000001781cc44      0x218 drivers/built-in.o
                0x000000001781cc44                ipu_dp_init
 .text.ipu_dp_uninit
                0x000000001781ce5c       0x94 drivers/built-in.o
                0x000000001781ce5c                ipu_dp_uninit
 .text.ipu_dc_init
                0x000000001781cef0      0x2c8 drivers/built-in.o
                0x000000001781cef0                ipu_dc_init
 .text.ipu_dc_uninit
                0x000000001781d1b8      0x1b4 drivers/built-in.o
                0x000000001781d1b8                ipu_dc_uninit
 .text.ipu_dp_dc_enable
                0x000000001781d36c      0x1f4 drivers/built-in.o
                0x000000001781d36c                ipu_dp_dc_enable
 .text.ipu_dp_dc_disable
                0x000000001781d560      0x344 drivers/built-in.o
                0x000000001781d560                ipu_dp_dc_disable
 .text.ipu_init_dc_mappings
                0x000000001781d8a4      0x184 drivers/built-in.o
                0x000000001781d8a4                ipu_init_dc_mappings
 .text.ipu_pixfmt_to_map
                0x000000001781da28       0x98 drivers/built-in.o
                0x000000001781da28                ipu_pixfmt_to_map
 .text.adapt_panel_to_ipu_restricitions
                0x000000001781dac0       0x74 drivers/built-in.o
                0x000000001781dac0                adapt_panel_to_ipu_restricitions
 .text.ipu_init_sync_panel
                0x000000001781db34      0x72c drivers/built-in.o
                0x000000001781db34                ipu_init_sync_panel
 .text.ipu_disp_set_global_alpha
                0x000000001781e260      0x108 drivers/built-in.o
                0x000000001781e260                ipu_disp_set_global_alpha
 .text.ipu_disp_set_color_key
                0x000000001781e368      0x1a8 drivers/built-in.o
                0x000000001781e368                ipu_disp_set_color_key
 .text.reset_cpu
                0x000000001781e510       0x28 drivers/built-in.o
                0x000000001781e510                reset_cpu
 .text.gpio_set_value
                0x000000001781e538       0x44 drivers/gpio/built-in.o
                0x000000001781e538                gpio_set_value
 .text.gpio_get_value
                0x000000001781e57c       0x34 drivers/gpio/built-in.o
                0x000000001781e57c                gpio_get_value
 .text.gpio_free
                0x000000001781e5b0        0x8 drivers/gpio/built-in.o
                0x000000001781e5b0                gpio_free
 .text.gpio_direction_input
                0x000000001781e5b8       0x3c drivers/gpio/built-in.o
                0x000000001781e5b8                gpio_direction_input
 .text.gpio_direction_output
                0x000000001781e5f4       0x50 drivers/gpio/built-in.o
                0x000000001781e5f4                gpio_direction_output
 .text.i2c_get_adapter
                0x000000001781e644       0x64 drivers/i2c/built-in.o
                0x000000001781e644                i2c_get_adapter
 .text.i2c_init_bus
                0x000000001781e6a8       0x90 drivers/i2c/built-in.o
 .text.i2c_get_bus_num
                0x000000001781e738        0x8 drivers/i2c/built-in.o
                0x000000001781e738                i2c_get_bus_num
 .text.i2c_set_bus_num
                0x000000001781e740       0xbc drivers/i2c/built-in.o
                0x000000001781e740                i2c_set_bus_num
 .text.i2c_init_all
                0x000000001781e7fc       0x14 drivers/i2c/built-in.o
                0x000000001781e7fc                i2c_init_all
 .text.i2c_probe
                0x000000001781e810       0x28 drivers/i2c/built-in.o
                0x000000001781e810                i2c_probe
 .text.i2c_read
                0x000000001781e838       0x4c drivers/i2c/built-in.o
                0x000000001781e838                i2c_read
 .text.i2c_write
                0x000000001781e884       0x4c drivers/i2c/built-in.o
                0x000000001781e884                i2c_write
 .text.i2c_set_bus_speed
                0x000000001781e8d0       0x64 drivers/i2c/built-in.o
                0x000000001781e8d0                i2c_set_bus_speed
 .text.i2c_get_bus_speed
                0x000000001781e934       0x14 drivers/i2c/built-in.o
                0x000000001781e934                i2c_get_bus_speed
 .text.__i2c_init
                0x000000001781e948       0x14 drivers/i2c/built-in.o
                0x000000001781e948                __i2c_init
                0x000000001781e948                i2c_init
 .text.wait_for_sr_state
                0x000000001781e95c       0xb0 drivers/i2c/built-in.o
 .text.tx_byte  0x000000001781ea0c       0x2c drivers/i2c/built-in.o
 .text.i2c_imx_get_clk
                0x000000001781ea38       0x6c drivers/i2c/built-in.o
 .text.i2c_imx_stop
                0x000000001781eaa4       0x3c drivers/i2c/built-in.o
 .text.i2c_init_transfer
                0x000000001781eae0      0x1e8 drivers/i2c/built-in.o
 .text.mxc_i2c_set_bus_speed
                0x000000001781ecc8       0x44 drivers/i2c/built-in.o
 .text.bus_i2c_read
                0x000000001781ed0c      0x110 drivers/i2c/built-in.o
                0x000000001781ed0c                bus_i2c_read
 .text.mxc_i2c_read
                0x000000001781ee1c       0x14 drivers/i2c/built-in.o
 .text.bus_i2c_write
                0x000000001781ee30       0x50 drivers/i2c/built-in.o
                0x000000001781ee30                bus_i2c_write
 .text.mxc_i2c_write
                0x000000001781ee80       0x14 drivers/i2c/built-in.o
 .text.mxc_i2c_probe
                0x000000001781ee94       0x30 drivers/i2c/built-in.o
 .text.bus_i2c_init
                0x000000001781eec4       0x7c drivers/i2c/built-in.o
                0x000000001781eec4                bus_i2c_init
 .text.mxc_i2c_init
                0x000000001781ef40       0x28 drivers/i2c/built-in.o
 .text.esdhc_getcd
                0x000000001781ef68       0x40 drivers/mmc/built-in.o
 .text.esdhc_set_ios
                0x000000001781efa8      0x110 drivers/mmc/built-in.o
 .text.esdhc_init
                0x000000001781f0b8       0xb0 drivers/mmc/built-in.o
 .text.esdhc_send_cmd
                0x000000001781f168      0x37c drivers/mmc/built-in.o
 .text.fsl_esdhc_initialize
                0x000000001781f4e4      0x17c drivers/mmc/built-in.o
                0x000000001781f4e4                fsl_esdhc_initialize
 .text.fsl_esdhc_mmc_init
                0x000000001781f660       0x34 drivers/mmc/built-in.o
                0x000000001781f660                fsl_esdhc_mmc_init
 .text.mmc_set_ios
                0x000000001781f694       0x20 drivers/mmc/built-in.o
 .text.mmc_set_capacity
                0x000000001781f6b4       0xac drivers/mmc/built-in.o
 .text.board_mmc_getwp
                0x000000001781f760        0x8 drivers/mmc/built-in.o
                0x000000001781f760                board_mmc_getwp
 .text.mmc_getwp
                0x000000001781f768       0x3c drivers/mmc/built-in.o
                0x000000001781f768                mmc_getwp
 .text.mmc_send_cmd
                0x000000001781f7a4       0x18 drivers/mmc/built-in.o
                0x000000001781f7a4                mmc_send_cmd
 .text.mmc_go_idle
                0x000000001781f7bc       0x4c drivers/mmc/built-in.o
 .text.mmc_send_op_cond_iter
                0x000000001781f808       0x80 drivers/mmc/built-in.o
 .text.mmc_send_ext_csd
                0x000000001781f888       0x4c drivers/mmc/built-in.o
 .text.mmc_send_status
                0x000000001781f8d4       0xc4 drivers/mmc/built-in.o
                0x000000001781f8d4                mmc_send_status
 .text.mmc_switch.isra.1
                0x000000001781f998       0x54 drivers/mmc/built-in.o
 .text.mmc_set_blocklen
                0x000000001781f9ec       0x30 drivers/mmc/built-in.o
                0x000000001781f9ec                mmc_set_blocklen
 .text.find_mmc_device
                0x000000001781fa1c       0x4c drivers/mmc/built-in.o
                0x000000001781fa1c                find_mmc_device
 .text.mmc_bread
                0x000000001781fa68      0x13c drivers/mmc/built-in.o
 .text.mmc_send_op_cond
                0x000000001781fba4       0x74 drivers/mmc/built-in.o
                0x000000001781fba4                mmc_send_op_cond
 .text.mmc_complete_op_cond
                0x000000001781fc18       0x8c drivers/mmc/built-in.o
                0x000000001781fc18                mmc_complete_op_cond
 .text.mmc_switch_part
                0x000000001781fca4       0x4c drivers/mmc/built-in.o
                0x000000001781fca4                mmc_switch_part
 .text.mmc_getcd
                0x000000001781fcf0       0x3c drivers/mmc/built-in.o
                0x000000001781fcf0                mmc_getcd
 .text.mmc_set_clock
                0x000000001781fd2c       0x24 drivers/mmc/built-in.o
                0x000000001781fd2c                mmc_set_clock
 .text.mmc_startup
                0x000000001781fd50      0xb68 drivers/mmc/built-in.o
 .text.mmc_create
                0x00000000178208b8       0xf8 drivers/mmc/built-in.o
                0x00000000178208b8                mmc_create
 .text.mmc_start_init
                0x00000000178209b0      0x224 drivers/mmc/built-in.o
                0x00000000178209b0                mmc_start_init
 .text.mmc_init
                0x0000000017820bd4       0x90 drivers/mmc/built-in.o
                0x0000000017820bd4                mmc_init
 .text.mmc_get_dev
                0x0000000017820c64       0x2c drivers/mmc/built-in.o
                0x0000000017820c64                mmc_get_dev
 .text.mmc_set_dsr
                0x0000000017820c90        0xc drivers/mmc/built-in.o
                0x0000000017820c90                mmc_set_dsr
 .text.print_mmc_devices
                0x0000000017820c9c       0x6c drivers/mmc/built-in.o
                0x0000000017820c9c                print_mmc_devices
 .text.get_mmc_num
                0x0000000017820d08       0x10 drivers/mmc/built-in.o
                0x0000000017820d08                get_mmc_num
 .text.mmc_initialize
                0x0000000017820d18       0x78 drivers/mmc/built-in.o
                0x0000000017820d18                mmc_initialize
 .text.mmc_boot_partition_size_change
                0x0000000017820d90       0xcc drivers/mmc/built-in.o
                0x0000000017820d90                mmc_boot_partition_size_change
 .text.mmc_set_boot_bus_width
                0x0000000017820e5c       0x14 drivers/mmc/built-in.o
                0x0000000017820e5c                mmc_set_boot_bus_width
 .text.mmc_set_part_conf
                0x0000000017820e70       0x14 drivers/mmc/built-in.o
                0x0000000017820e70                mmc_set_part_conf
 .text.mmc_set_rst_n_function
                0x0000000017820e84        0xc drivers/mmc/built-in.o
                0x0000000017820e84                mmc_set_rst_n_function
 .text.mmc_berase
                0x0000000017820e90      0x190 drivers/mmc/built-in.o
                0x0000000017820e90                mmc_berase
 .text.mmc_bwrite
                0x0000000017821020      0x160 drivers/mmc/built-in.o
                0x0000000017821020                mmc_bwrite
 .text.fec_set_hwaddr
                0x0000000017821180       0x78 drivers/net/built-in.o
 .text.fec_reg_setup
                0x00000000178211f8       0x60 drivers/net/built-in.o
 .text.fec_phy_read
                0x0000000017821258       0x7c drivers/net/built-in.o
                0x0000000017821258                fec_phy_read
 .text.fec_phy_write
                0x00000000178212d4       0x74 drivers/net/built-in.o
                0x00000000178212d4                fec_phy_write
 .text.fec_halt
                0x0000000017821348       0x68 drivers/net/built-in.o
 .text.fec_send
                0x00000000178213b0      0x118 drivers/net/built-in.o
 .text.fec_mii_setspeed
                0x00000000178214c8       0x34 drivers/net/built-in.o
 .text.fec_init
                0x00000000178214fc      0x270 drivers/net/built-in.o
 .text.fec_recv
                0x000000001782176c      0x1f8 drivers/net/built-in.o
 .text.fec_probe
                0x0000000017821964      0x388 drivers/net/built-in.o
                0x0000000017821964                fec_probe
 .text.fec_get_miibus
                0x0000000017821cec       0xa4 drivers/net/built-in.o
                0x0000000017821cec                fec_get_miibus
 .text.fecmxc_initialize_multi
                0x0000000017821d90       0x90 drivers/net/built-in.o
                0x0000000017821d90                fecmxc_initialize_multi
 .text.fecmxc_initialize
                0x0000000017821e20       0x14 drivers/net/built-in.o
                0x0000000017821e20                fecmxc_initialize
 .text.genphy_shutdown
                0x0000000017821e34        0x8 drivers/net/phy/built-in.o
                0x0000000017821e34                genphy_shutdown
 .text.generic_ffs
                0x0000000017821e3c       0x50 drivers/net/phy/built-in.o
 .text.phy_device_create
                0x0000000017821e8c       0xe4 drivers/net/phy/built-in.o
 .text.get_phy_device_by_mask
                0x0000000017821f70      0x144 drivers/net/phy/built-in.o
 .text.genphy_restart_aneg
                0x00000000178220b4       0x5c drivers/net/phy/built-in.o
                0x00000000178220b4                genphy_restart_aneg
 .text.genphy_config_aneg
                0x0000000017822110      0x1dc drivers/net/phy/built-in.o
                0x0000000017822110                genphy_config_aneg
 .text.genphy_config
                0x00000000178222ec       0xb4 drivers/net/phy/built-in.o
                0x00000000178222ec                genphy_config
 .text.genphy_update_link
                0x00000000178223a0      0x140 drivers/net/phy/built-in.o
                0x00000000178223a0                genphy_update_link
 .text.genphy_parse_link
                0x00000000178224e0      0x190 drivers/net/phy/built-in.o
                0x00000000178224e0                genphy_parse_link
 .text.genphy_startup
                0x0000000017822670       0x1c drivers/net/phy/built-in.o
                0x0000000017822670                genphy_startup
 .text.phy_init
                0x000000001782268c       0x10 drivers/net/phy/built-in.o
                0x000000001782268c                phy_init
 .text.phy_register
                0x000000001782269c       0x28 drivers/net/phy/built-in.o
                0x000000001782269c                phy_register
 .text.phy_reset
                0x00000000178226c4       0xac drivers/net/phy/built-in.o
                0x00000000178226c4                phy_reset
 .text.phy_find_by_mask
                0x0000000017822770       0x3c drivers/net/phy/built-in.o
                0x0000000017822770                phy_find_by_mask
 .text.phy_connect_dev
                0x00000000178227ac       0x44 drivers/net/phy/built-in.o
                0x00000000178227ac                phy_connect_dev
 .text.phy_startup
                0x00000000178227f0       0x24 drivers/net/phy/built-in.o
                0x00000000178227f0                phy_startup
 .text.phy_config
                0x0000000017822814       0x10 drivers/net/phy/built-in.o
                0x0000000017822814                phy_config
 .text.ksz90xx_startup
                0x0000000017822824       0x60 drivers/net/phy/built-in.o
 .text.ksz9031_phy_extended_write
                0x0000000017822884       0xa0 drivers/net/phy/built-in.o