fec_mxc.c:357:12:fec_set_hwaddr	0	static
fec_mxc.c:380:13:fec_reg_setup	0	static
fec_mxc.c:174:5:fec_phy_read	16	static
fec_mxc.c:179:5:fec_phy_write	16	static
fec_mxc.c:579:13:fec_halt	16	static
fec_mxc.c:621:12:fec_send	24	static
fec_mxc.c:125:13:fec_mii_setspeed	8	static
fec_mxc.c:521:12:fec_init	32	static
fec_mxc.c:739:12:fec_recv	1600	static
fec_mxc.c:939:5:fec_probe	48	static
fec_mxc.c:1029:17:fec_get_miibus	16	static
fec_mxc.c:1055:5:fecmxc_initialize_multi	32	static
fec_mxc.c:1097:5:fecmxc_initialize	0	static
