mx6_udoo.c:734:13:do_enable_hdmi	0	static
mx6_udoo.c:88:5:dram_init	0	static
mx6_udoo.c:264:5:mmc_get_env_devno	0	static
mx6_udoo.c:289:5:mmc_map_to_kernel_blk	0	static
mx6_udoo.c:297:5:board_mmc_getcd	0	static
mx6_udoo.c:317:5:board_mmc_init	8	static
mx6_udoo.c:361:5:check_mmc_autodetect	8	static
mx6_udoo.c:373:6:board_late_mmc_env_init	72	static
mx6_udoo.c:662:5:mx6_rgmii_rework	24	static
mx6_udoo.c:694:5:board_phy_config	8	static
mx6_udoo.c:784:5:board_video_skip	16	static
mx6_udoo.c:908:5:overwrite_console	0	static
mx6_udoo.c:913:5:board_eth_init	8	static
mx6_udoo.c:920:5:board_early_init_f	8	static
mx6_udoo.c:937:5:board_init	0	static
mx6_udoo.c:957:5:board_late_init	8	static
mx6_udoo.c:976:5:checkboard	8	static
mx6_udoo.c:1121:5:board_ehci_hcd_init	8	static
mx6_udoo.c:1142:5:board_ehci_power	8	static
